<testsuites id="" name="" tests="41" failures="23" skipped="0" errors="0" time="56.516014999999996">
<testsuite name="e2e/public-pages.spec.ts" timestamp="2026-01-16T23:09:16.240Z" hostname="chromium" tests="41" failures="23" skipped="0" time="189.275" errors="0">
<testcase name="Public Pages - Features › features page loads correctly" classname="e2e/public-pages.spec.ts" time="4.439">
</testcase>
<testcase name="Public Pages - Features › features page has dark theme" classname="e2e/public-pages.spec.ts" time="4.591">
<failure message="public-pages.spec.ts:14:7 features page has dark theme" type="FAILURE">
<![CDATA[  [chromium] › e2e/public-pages.spec.ts:14:7 › Public Pages - Features › features page has dark theme 

    Error: expect(received).toBeLessThan(expected)

    Expected: < 50
    Received:   255

      24 |     if (rgbMatch) {
      25 |       const [, r, g, b] = rgbMatch.map(Number);
    > 26 |       expect(Math.max(r, g, b)).toBeLessThan(50);
         |                                 ^
      27 |     }
      28 |   });
      29 |
        at /Users/eduardolobosstevens/achieving-coach/frontend/tests/e2e/public-pages.spec.ts:26:33

    attachment #1: screenshot (image/png) ──────────────────────────────────────────────────────────
    ../test-results/e2e-public-pages-Public-Pa-d5eae-eatures-page-has-dark-theme-chromium/test-failed-1.png
    ────────────────────────────────────────────────────────────────────────────────────────────────

    attachment #2: video (video/webm) ──────────────────────────────────────────────────────────────
    ../test-results/e2e-public-pages-Public-Pa-d5eae-eatures-page-has-dark-theme-chromium/video.webm
    ────────────────────────────────────────────────────────────────────────────────────────────────

    Error Context: ../test-results/e2e-public-pages-Public-Pa-d5eae-eatures-page-has-dark-theme-chromium/error-context.md
]]>
</failure>
<system-out>
<![CDATA[
[[ATTACHMENT|test-results/e2e-public-pages-Public-Pa-d5eae-eatures-page-has-dark-theme-chromium/test-failed-1.png]]

[[ATTACHMENT|test-results/e2e-public-pages-Public-Pa-d5eae-eatures-page-has-dark-theme-chromium/video.webm]]

[[ATTACHMENT|test-results/e2e-public-pages-Public-Pa-d5eae-eatures-page-has-dark-theme-chromium/error-context.md]]
]]>
</system-out>
</testcase>
<testcase name="Public Pages - Features › features page has navigation to pricing" classname="e2e/public-pages.spec.ts" time="4.451">
</testcase>
<testcase name="Public Pages - Features › features page shows feature cards" classname="e2e/public-pages.spec.ts" time="4.615">
<failure message="public-pages.spec.ts:40:7 features page shows feature cards" type="FAILURE">
<![CDATA[  [chromium] › e2e/public-pages.spec.ts:40:7 › Public Pages - Features › features page shows feature cards 

    Error: expect(received).toBeGreaterThan(expected)

    Expected: > 0
    Received:   0

      44 |     // Should have multiple feature sections or cards
      45 |     const featureCards = page.locator('div[class*="rounded"], section');
    > 46 |     expect(await featureCards.count()).toBeGreaterThan(0);
         |                                        ^
      47 |   });
      48 | });
      49 |
        at /Users/eduardolobosstevens/achieving-coach/frontend/tests/e2e/public-pages.spec.ts:46:40

    attachment #1: screenshot (image/png) ──────────────────────────────────────────────────────────
    ../test-results/e2e-public-pages-Public-Pa-cae70-es-page-shows-feature-cards-chromium/test-failed-1.png
    ────────────────────────────────────────────────────────────────────────────────────────────────

    attachment #2: video (video/webm) ──────────────────────────────────────────────────────────────
    ../test-results/e2e-public-pages-Public-Pa-cae70-es-page-shows-feature-cards-chromium/video.webm
    ────────────────────────────────────────────────────────────────────────────────────────────────

    Error Context: ../test-results/e2e-public-pages-Public-Pa-cae70-es-page-shows-feature-cards-chromium/error-context.md
]]>
</failure>
<system-out>
<![CDATA[
[[ATTACHMENT|test-results/e2e-public-pages-Public-Pa-cae70-es-page-shows-feature-cards-chromium/test-failed-1.png]]

[[ATTACHMENT|test-results/e2e-public-pages-Public-Pa-cae70-es-page-shows-feature-cards-chromium/video.webm]]

[[ATTACHMENT|test-results/e2e-public-pages-Public-Pa-cae70-es-page-shows-feature-cards-chromium/error-context.md]]
]]>
</system-out>
</testcase>
<testcase name="Public Pages - Pricing › pricing page loads correctly" classname="e2e/public-pages.spec.ts" time="2.102">
</testcase>
<testcase name="Public Pages - Pricing › pricing page shows pricing tiers" classname="e2e/public-pages.spec.ts" time="2.14">
<failure message="public-pages.spec.ts:59:7 pricing page shows pricing tiers" type="FAILURE">
<![CDATA[  [chromium] › e2e/public-pages.spec.ts:59:7 › Public Pages - Pricing › pricing page shows pricing tiers 

    Error: expect(received).toBeGreaterThan(expected)

    Expected: > 0
    Received:   0

      63 |     // Should show pricing information
      64 |     const priceText = page.locator('text=$29, text=$59, text=Core, text=Pro, text=Enterprise');
    > 65 |     expect(await priceText.count()).toBeGreaterThan(0);
         |                                     ^
      66 |   });
      67 |
      68 |   test('pricing page has CTA buttons', async ({ page }) => {
        at /Users/eduardolobosstevens/achieving-coach/frontend/tests/e2e/public-pages.spec.ts:65:37

    attachment #1: screenshot (image/png) ──────────────────────────────────────────────────────────
    ../test-results/e2e-public-pages-Public-Pa-9099a-ng-page-shows-pricing-tiers-chromium/test-failed-1.png
    ────────────────────────────────────────────────────────────────────────────────────────────────

    attachment #2: video (video/webm) ──────────────────────────────────────────────────────────────
    ../test-results/e2e-public-pages-Public-Pa-9099a-ng-page-shows-pricing-tiers-chromium/video.webm
    ────────────────────────────────────────────────────────────────────────────────────────────────

    Error Context: ../test-results/e2e-public-pages-Public-Pa-9099a-ng-page-shows-pricing-tiers-chromium/error-context.md
]]>
</failure>
<system-out>
<![CDATA[
[[ATTACHMENT|test-results/e2e-public-pages-Public-Pa-9099a-ng-page-shows-pricing-tiers-chromium/test-failed-1.png]]

[[ATTACHMENT|test-results/e2e-public-pages-Public-Pa-9099a-ng-page-shows-pricing-tiers-chromium/video.webm]]

[[ATTACHMENT|test-results/e2e-public-pages-Public-Pa-9099a-ng-page-shows-pricing-tiers-chromium/error-context.md]]
]]>
</system-out>
</testcase>
<testcase name="Public Pages - Pricing › pricing page has CTA buttons" classname="e2e/public-pages.spec.ts" time="4.517">
<failure message="public-pages.spec.ts:68:7 pricing page has CTA buttons" type="FAILURE">
<![CDATA[  [chromium] › e2e/public-pages.spec.ts:68:7 › Public Pages - Pricing › pricing page has CTA buttons 

    Error: expect(received).toBeGreaterThan(expected)

    Expected: > 0
    Received:   0

      71 |
      72 |     const ctaButtons = page.locator('a[href*="sign-up"], button:has-text("Start"), button:has-text("Comenzar")');
    > 73 |     expect(await ctaButtons.count()).toBeGreaterThan(0);
         |                                      ^
      74 |   });
      75 |
      76 |   test('pricing page has dark theme', async ({ page }) => {
        at /Users/eduardolobosstevens/achieving-coach/frontend/tests/e2e/public-pages.spec.ts:73:38

    attachment #1: screenshot (image/png) ──────────────────────────────────────────────────────────
    ../test-results/e2e-public-pages-Public-Pa-1f5ea-ricing-page-has-CTA-buttons-chromium/test-failed-1.png
    ────────────────────────────────────────────────────────────────────────────────────────────────

    attachment #2: video (video/webm) ──────────────────────────────────────────────────────────────
    ../test-results/e2e-public-pages-Public-Pa-1f5ea-ricing-page-has-CTA-buttons-chromium/video.webm
    ────────────────────────────────────────────────────────────────────────────────────────────────

    Error Context: ../test-results/e2e-public-pages-Public-Pa-1f5ea-ricing-page-has-CTA-buttons-chromium/error-context.md
]]>
</failure>
<system-out>
<![CDATA[
[[ATTACHMENT|test-results/e2e-public-pages-Public-Pa-1f5ea-ricing-page-has-CTA-buttons-chromium/test-failed-1.png]]

[[ATTACHMENT|test-results/e2e-public-pages-Public-Pa-1f5ea-ricing-page-has-CTA-buttons-chromium/video.webm]]

[[ATTACHMENT|test-results/e2e-public-pages-Public-Pa-1f5ea-ricing-page-has-CTA-buttons-chromium/error-context.md]]
]]>
</system-out>
</testcase>
<testcase name="Public Pages - Pricing › pricing page has dark theme" classname="e2e/public-pages.spec.ts" time="4.658">
</testcase>
<testcase name="Public Pages - About › about page loads correctly" classname="e2e/public-pages.spec.ts" time="3.397">
</testcase>
<testcase name="Public Pages - About › about page has company information" classname="e2e/public-pages.spec.ts" time="2.852">
</testcase>
<testcase name="Public Pages - About › about page has dark theme" classname="e2e/public-pages.spec.ts" time="2.269">
<failure message="public-pages.spec.ts:113:7 about page has dark theme" type="FAILURE">
<![CDATA[  [chromium] › e2e/public-pages.spec.ts:113:7 › Public Pages - About › about page has dark theme ───

    Error: expect(received).toBeLessThan(expected)

    Expected: < 50
    Received:   255

      123 |     if (rgbMatch) {
      124 |       const [, r, g, b] = rgbMatch.map(Number);
    > 125 |       expect(Math.max(r, g, b)).toBeLessThan(50);
          |                                 ^
      126 |     }
      127 |   });
      128 | });
        at /Users/eduardolobosstevens/achieving-coach/frontend/tests/e2e/public-pages.spec.ts:125:33

    attachment #1: screenshot (image/png) ──────────────────────────────────────────────────────────
    ../test-results/e2e-public-pages-Public-Pa-b0a62-t-about-page-has-dark-theme-chromium/test-failed-1.png
    ────────────────────────────────────────────────────────────────────────────────────────────────

    attachment #2: video (video/webm) ──────────────────────────────────────────────────────────────
    ../test-results/e2e-public-pages-Public-Pa-b0a62-t-about-page-has-dark-theme-chromium/video.webm
    ────────────────────────────────────────────────────────────────────────────────────────────────

    Error Context: ../test-results/e2e-public-pages-Public-Pa-b0a62-t-about-page-has-dark-theme-chromium/error-context.md
]]>
</failure>
<system-out>
<![CDATA[
[[ATTACHMENT|test-results/e2e-public-pages-Public-Pa-b0a62-t-about-page-has-dark-theme-chromium/test-failed-1.png]]

[[ATTACHMENT|test-results/e2e-public-pages-Public-Pa-b0a62-t-about-page-has-dark-theme-chromium/video.webm]]

[[ATTACHMENT|test-results/e2e-public-pages-Public-Pa-b0a62-t-about-page-has-dark-theme-chromium/error-context.md]]
]]>
</system-out>
</testcase>
<testcase name="Public Pages - Blog › blog page loads correctly" classname="e2e/public-pages.spec.ts" time="2.752">
</testcase>
<testcase name="Public Pages - Blog › blog page shows article list" classname="e2e/public-pages.spec.ts" time="2.382">
<failure message="public-pages.spec.ts:139:7 blog page shows article list" type="FAILURE">
<![CDATA[  [chromium] › e2e/public-pages.spec.ts:139:7 › Public Pages - Blog › blog page shows article list ─

    Error: expect(received).toBeGreaterThan(expected)

    Expected: > 0
    Received:   0

      143 |     // Should have article cards or links
      144 |     const articles = page.locator('a[href*="/blog/"], article, div[class*="rounded-xl"]');
    > 145 |     expect(await articles.count()).toBeGreaterThan(0);
          |                                    ^
      146 |   });
      147 |
      148 |   test('blog page has search functionality', async ({ page }) => {
        at /Users/eduardolobosstevens/achieving-coach/frontend/tests/e2e/public-pages.spec.ts:145:36

    attachment #1: screenshot (image/png) ──────────────────────────────────────────────────────────
    ../test-results/e2e-public-pages-Public-Pa-28808-log-page-shows-article-list-chromium/test-failed-1.png
    ────────────────────────────────────────────────────────────────────────────────────────────────

    attachment #2: video (video/webm) ──────────────────────────────────────────────────────────────
    ../test-results/e2e-public-pages-Public-Pa-28808-log-page-shows-article-list-chromium/video.webm
    ────────────────────────────────────────────────────────────────────────────────────────────────

    Error Context: ../test-results/e2e-public-pages-Public-Pa-28808-log-page-shows-article-list-chromium/error-context.md
]]>
</failure>
<system-out>
<![CDATA[
[[ATTACHMENT|test-results/e2e-public-pages-Public-Pa-28808-log-page-shows-article-list-chromium/test-failed-1.png]]

[[ATTACHMENT|test-results/e2e-public-pages-Public-Pa-28808-log-page-shows-article-list-chromium/video.webm]]

[[ATTACHMENT|test-results/e2e-public-pages-Public-Pa-28808-log-page-shows-article-list-chromium/error-context.md]]
]]>
</system-out>
</testcase>
<testcase name="Public Pages - Blog › blog page has search functionality" classname="e2e/public-pages.spec.ts" time="2.24">
</testcase>
<testcase name="Public Pages - Blog › blog page has category filters" classname="e2e/public-pages.spec.ts" time="6.506">
<failure message="public-pages.spec.ts:158:7 blog page has category filters" type="FAILURE">
<![CDATA[  [chromium] › e2e/public-pages.spec.ts:158:7 › Public Pages - Blog › blog page has category filters 

    Error: expect(received).toBeGreaterThan(expected)

    Expected: > 0
    Received:   0

      161 |
      162 |     const categories = page.locator('button:has-text("Todos"), button:has-text("Guías"), button:has-text("ICF")');
    > 163 |     expect(await categories.count()).toBeGreaterThan(0);
          |                                      ^
      164 |   });
      165 |
      166 |   test('blog page has dark theme', async ({ page }) => {
        at /Users/eduardolobosstevens/achieving-coach/frontend/tests/e2e/public-pages.spec.ts:163:38

    attachment #1: screenshot (image/png) ──────────────────────────────────────────────────────────
    ../test-results/e2e-public-pages-Public-Pa-c3148-g-page-has-category-filters-chromium/test-failed-1.png
    ────────────────────────────────────────────────────────────────────────────────────────────────

    attachment #2: video (video/webm) ──────────────────────────────────────────────────────────────
    ../test-results/e2e-public-pages-Public-Pa-c3148-g-page-has-category-filters-chromium/video.webm
    ────────────────────────────────────────────────────────────────────────────────────────────────

    Error Context: ../test-results/e2e-public-pages-Public-Pa-c3148-g-page-has-category-filters-chromium/error-context.md
]]>
</failure>
<system-out>
<![CDATA[
[[ATTACHMENT|test-results/e2e-public-pages-Public-Pa-c3148-g-page-has-category-filters-chromium/test-failed-1.png]]

[[ATTACHMENT|test-results/e2e-public-pages-Public-Pa-c3148-g-page-has-category-filters-chromium/video.webm]]

[[ATTACHMENT|test-results/e2e-public-pages-Public-Pa-c3148-g-page-has-category-filters-chromium/error-context.md]]
]]>
</system-out>
</testcase>
<testcase name="Public Pages - Blog › blog page has dark theme" classname="e2e/public-pages.spec.ts" time="2.192">
</testcase>
<testcase name="Public Pages - Contact › contact page loads correctly" classname="e2e/public-pages.spec.ts" time="6.245">
</testcase>
<testcase name="Public Pages - Contact › contact page has contact form" classname="e2e/public-pages.spec.ts" time="5.878">
<failure message="public-pages.spec.ts:194:7 contact page has contact form" type="FAILURE">
<![CDATA[  [chromium] › e2e/public-pages.spec.ts:194:7 › Public Pages - Contact › contact page has contact form 

    Error: expect(received).toBeGreaterThan(expected)

    Expected: > 0
    Received:   0

      201 |     const messageField = page.locator('textarea');
      202 |
    > 203 |     expect(await nameField.count() + await emailField.count() + await messageField.count()).toBeGreaterThan(0);
          |                                                                                             ^
      204 |   });
      205 |
      206 |   test('contact page has submit button', async ({ page }) => {
        at /Users/eduardolobosstevens/achieving-coach/frontend/tests/e2e/public-pages.spec.ts:203:93

    attachment #1: screenshot (image/png) ──────────────────────────────────────────────────────────
    ../test-results/e2e-public-pages-Public-Pa-43f62-ntact-page-has-contact-form-chromium/test-failed-1.png
    ────────────────────────────────────────────────────────────────────────────────────────────────

    attachment #2: video (video/webm) ──────────────────────────────────────────────────────────────
    ../test-results/e2e-public-pages-Public-Pa-43f62-ntact-page-has-contact-form-chromium/video.webm
    ────────────────────────────────────────────────────────────────────────────────────────────────

    Error Context: ../test-results/e2e-public-pages-Public-Pa-43f62-ntact-page-has-contact-form-chromium/error-context.md
]]>
</failure>
<system-out>
<![CDATA[
[[ATTACHMENT|test-results/e2e-public-pages-Public-Pa-43f62-ntact-page-has-contact-form-chromium/test-failed-1.png]]

[[ATTACHMENT|test-results/e2e-public-pages-Public-Pa-43f62-ntact-page-has-contact-form-chromium/video.webm]]

[[ATTACHMENT|test-results/e2e-public-pages-Public-Pa-43f62-ntact-page-has-contact-form-chromium/error-context.md]]
]]>
</system-out>
</testcase>
<testcase name="Public Pages - Contact › contact page has submit button" classname="e2e/public-pages.spec.ts" time="7.051">
</testcase>
<testcase name="Public Pages - Contact › contact form validates required fields" classname="e2e/public-pages.spec.ts" time="5.945">
</testcase>
<testcase name="Public Pages - Contact › contact page has dark theme" classname="e2e/public-pages.spec.ts" time="1.45">
<failure message="public-pages.spec.ts:225:7 contact page has dark theme" type="FAILURE">
<![CDATA[  [chromium] › e2e/public-pages.spec.ts:225:7 › Public Pages - Contact › contact page has dark theme 

    Error: expect(received).toBeLessThan(expected)

    Expected: < 50
    Received:   255

      235 |     if (rgbMatch) {
      236 |       const [, r, g, b] = rgbMatch.map(Number);
    > 237 |       expect(Math.max(r, g, b)).toBeLessThan(50);
          |                                 ^
      238 |     }
      239 |   });
      240 | });
        at /Users/eduardolobosstevens/achieving-coach/frontend/tests/e2e/public-pages.spec.ts:237:33

    attachment #1: screenshot (image/png) ──────────────────────────────────────────────────────────
    ../test-results/e2e-public-pages-Public-Pa-9f90c-contact-page-has-dark-theme-chromium/test-failed-1.png
    ────────────────────────────────────────────────────────────────────────────────────────────────

    attachment #2: video (video/webm) ──────────────────────────────────────────────────────────────
    ../test-results/e2e-public-pages-Public-Pa-9f90c-contact-page-has-dark-theme-chromium/video.webm
    ────────────────────────────────────────────────────────────────────────────────────────────────

    Error Context: ../test-results/e2e-public-pages-Public-Pa-9f90c-contact-page-has-dark-theme-chromium/error-context.md
]]>
</failure>
<system-out>
<![CDATA[
[[ATTACHMENT|test-results/e2e-public-pages-Public-Pa-9f90c-contact-page-has-dark-theme-chromium/test-failed-1.png]]

[[ATTACHMENT|test-results/e2e-public-pages-Public-Pa-9f90c-contact-page-has-dark-theme-chromium/video.webm]]

[[ATTACHMENT|test-results/e2e-public-pages-Public-Pa-9f90c-contact-page-has-dark-theme-chromium/error-context.md]]
]]>
</system-out>
</testcase>
<testcase name="Public Pages - Organizations › organizations page loads correctly" classname="e2e/public-pages.spec.ts" time="9.435">
<failure message="public-pages.spec.ts:243:7 organizations page loads correctly" type="FAILURE">
<![CDATA[  [chromium] › e2e/public-pages.spec.ts:243:7 › Public Pages - Organizations › organizations page loads correctly 

    Error: expect(locator).toBeVisible() failed

    Locator:  locator('body')
    Expected: visible
    Received: hidden
    Timeout:  5000ms

    Call log:
      - Expect "toBeVisible" with timeout 5000ms
      - waiting for locator('body')
        9 × locator resolved to <body>…</body>
          - unexpected value "hidden"


      246 |
      247 |     const body = page.locator('body');
    > 248 |     await expect(body).toBeVisible();
          |                        ^
      249 |   });
      250 |
      251 |   test('organizations page has dark theme', async ({ page }) => {
        at /Users/eduardolobosstevens/achieving-coach/frontend/tests/e2e/public-pages.spec.ts:248:24

    attachment #1: screenshot (image/png) ──────────────────────────────────────────────────────────
    ../test-results/e2e-public-pages-Public-Pa-9be91-ations-page-loads-correctly-chromium/test-failed-1.png
    ────────────────────────────────────────────────────────────────────────────────────────────────

    attachment #2: video (video/webm) ──────────────────────────────────────────────────────────────
    ../test-results/e2e-public-pages-Public-Pa-9be91-ations-page-loads-correctly-chromium/video.webm
    ────────────────────────────────────────────────────────────────────────────────────────────────

    Error Context: ../test-results/e2e-public-pages-Public-Pa-9be91-ations-page-loads-correctly-chromium/error-context.md
]]>
</failure>
<system-out>
<![CDATA[
[[ATTACHMENT|test-results/e2e-public-pages-Public-Pa-9be91-ations-page-loads-correctly-chromium/test-failed-1.png]]

[[ATTACHMENT|test-results/e2e-public-pages-Public-Pa-9be91-ations-page-loads-correctly-chromium/video.webm]]

[[ATTACHMENT|test-results/e2e-public-pages-Public-Pa-9be91-ations-page-loads-correctly-chromium/error-context.md]]
]]>
</system-out>
</testcase>
<testcase name="Public Pages - Organizations › organizations page has dark theme" classname="e2e/public-pages.spec.ts" time="3.371">
</testcase>
<testcase name="Public Pages - Legal › privacy page loads correctly" classname="e2e/public-pages.spec.ts" time="6.206">
</testcase>
<testcase name="Public Pages - Legal › terms page loads correctly" classname="e2e/public-pages.spec.ts" time="3.229">
</testcase>
<testcase name="Public Pages - Legal › privacy page has dark theme" classname="e2e/public-pages.spec.ts" time="2.995">
<failure message="public-pages.spec.ts:287:7 privacy page has dark theme" type="FAILURE">
<![CDATA[  [chromium] › e2e/public-pages.spec.ts:287:7 › Public Pages - Legal › privacy page has dark theme ─

    Error: expect(received).toBeLessThan(expected)

    Expected: < 50
    Received:   255

      297 |     if (rgbMatch) {
      298 |       const [, r, g, b] = rgbMatch.map(Number);
    > 299 |       expect(Math.max(r, g, b)).toBeLessThan(50);
          |                                 ^
      300 |     }
      301 |   });
      302 | });
        at /Users/eduardolobosstevens/achieving-coach/frontend/tests/e2e/public-pages.spec.ts:299:33

    attachment #1: screenshot (image/png) ──────────────────────────────────────────────────────────
    ../test-results/e2e-public-pages-Public-Pa-7ccd2-privacy-page-has-dark-theme-chromium/test-failed-1.png
    ────────────────────────────────────────────────────────────────────────────────────────────────

    attachment #2: video (video/webm) ──────────────────────────────────────────────────────────────
    ../test-results/e2e-public-pages-Public-Pa-7ccd2-privacy-page-has-dark-theme-chromium/video.webm
    ────────────────────────────────────────────────────────────────────────────────────────────────

    Error Context: ../test-results/e2e-public-pages-Public-Pa-7ccd2-privacy-page-has-dark-theme-chromium/error-context.md
]]>
</failure>
<system-out>
<![CDATA[
[[ATTACHMENT|test-results/e2e-public-pages-Public-Pa-7ccd2-privacy-page-has-dark-theme-chromium/test-failed-1.png]]

[[ATTACHMENT|test-results/e2e-public-pages-Public-Pa-7ccd2-privacy-page-has-dark-theme-chromium/video.webm]]

[[ATTACHMENT|test-results/e2e-public-pages-Public-Pa-7ccd2-privacy-page-has-dark-theme-chromium/error-context.md]]
]]>
</system-out>
</testcase>
<testcase name="Public Pages - Home › home page loads correctly" classname="e2e/public-pages.spec.ts" time="7.201">
<failure message="public-pages.spec.ts:305:7 home page loads correctly" type="FAILURE">
<![CDATA[  [chromium] › e2e/public-pages.spec.ts:305:7 › Public Pages - Home › home page loads correctly ────

    Error: expect(locator).toBeVisible() failed

    Locator:  locator('body')
    Expected: visible
    Received: hidden
    Timeout:  5000ms

    Call log:
      - Expect "toBeVisible" with timeout 5000ms
      - waiting for locator('body')
        9 × locator resolved to <body>…</body>
          - unexpected value "hidden"


      308 |
      309 |     const body = page.locator('body');
    > 310 |     await expect(body).toBeVisible();
          |                        ^
      311 |   });
      312 |
      313 |   test('home page has hero section', async ({ page }) => {
        at /Users/eduardolobosstevens/achieving-coach/frontend/tests/e2e/public-pages.spec.ts:310:24

    attachment #1: screenshot (image/png) ──────────────────────────────────────────────────────────
    ../test-results/e2e-public-pages-Public-Pa-8d53f-e-home-page-loads-correctly-chromium/test-failed-1.png
    ────────────────────────────────────────────────────────────────────────────────────────────────

    attachment #2: video (video/webm) ──────────────────────────────────────────────────────────────
    ../test-results/e2e-public-pages-Public-Pa-8d53f-e-home-page-loads-correctly-chromium/video.webm
    ────────────────────────────────────────────────────────────────────────────────────────────────

    Error Context: ../test-results/e2e-public-pages-Public-Pa-8d53f-e-home-page-loads-correctly-chromium/error-context.md
]]>
</failure>
<system-out>
<![CDATA[
[[ATTACHMENT|test-results/e2e-public-pages-Public-Pa-8d53f-e-home-page-loads-correctly-chromium/test-failed-1.png]]

[[ATTACHMENT|test-results/e2e-public-pages-Public-Pa-8d53f-e-home-page-loads-correctly-chromium/video.webm]]

[[ATTACHMENT|test-results/e2e-public-pages-Public-Pa-8d53f-e-home-page-loads-correctly-chromium/error-context.md]]
]]>
</system-out>
</testcase>
<testcase name="Public Pages - Home › home page has hero section" classname="e2e/public-pages.spec.ts" time="2.076">
</testcase>
<testcase name="Public Pages - Home › home page has CTA buttons" classname="e2e/public-pages.spec.ts" time="1.791">
<failure message="public-pages.spec.ts:321:7 home page has CTA buttons" type="FAILURE">
<![CDATA[  [chromium] › e2e/public-pages.spec.ts:321:7 › Public Pages - Home › home page has CTA buttons ────

    Error: expect(received).toBeGreaterThan(expected)

    Expected: > 0
    Received:   0

      324 |
      325 |     const ctaButtons = page.locator('a[href*="sign-up"], a:has-text("Start"), a:has-text("Comenzar")');
    > 326 |     expect(await ctaButtons.count()).toBeGreaterThan(0);
          |                                      ^
      327 |   });
      328 |
      329 |   test('home page has navigation', async ({ page }) => {
        at /Users/eduardolobosstevens/achieving-coach/frontend/tests/e2e/public-pages.spec.ts:326:38

    attachment #1: screenshot (image/png) ──────────────────────────────────────────────────────────
    ../test-results/e2e-public-pages-Public-Pa-1d0c6-e-home-page-has-CTA-buttons-chromium/test-failed-1.png
    ────────────────────────────────────────────────────────────────────────────────────────────────

    attachment #2: video (video/webm) ──────────────────────────────────────────────────────────────
    ../test-results/e2e-public-pages-Public-Pa-1d0c6-e-home-page-has-CTA-buttons-chromium/video.webm
    ────────────────────────────────────────────────────────────────────────────────────────────────

    Error Context: ../test-results/e2e-public-pages-Public-Pa-1d0c6-e-home-page-has-CTA-buttons-chromium/error-context.md
]]>
</failure>
<system-out>
<![CDATA[
[[ATTACHMENT|test-results/e2e-public-pages-Public-Pa-1d0c6-e-home-page-has-CTA-buttons-chromium/test-failed-1.png]]

[[ATTACHMENT|test-results/e2e-public-pages-Public-Pa-1d0c6-e-home-page-has-CTA-buttons-chromium/video.webm]]

[[ATTACHMENT|test-results/e2e-public-pages-Public-Pa-1d0c6-e-home-page-has-CTA-buttons-chromium/error-context.md]]
]]>
</system-out>
</testcase>
<testcase name="Public Pages - Home › home page has navigation" classname="e2e/public-pages.spec.ts" time="2.651">
</testcase>
<testcase name="Public Pages - Home › home page navigation links work" classname="e2e/public-pages.spec.ts" time="2.712">
</testcase>
<testcase name="Public Pages - Home › home page has dark theme" classname="e2e/public-pages.spec.ts" time="1.584">
<failure message="public-pages.spec.ts:350:7 home page has dark theme" type="FAILURE">
<![CDATA[  [chromium] › e2e/public-pages.spec.ts:350:7 › Public Pages - Home › home page has dark theme ─────

    Error: expect(received).toBeLessThan(expected)

    Expected: < 50
    Received:   255

      360 |     if (rgbMatch) {
      361 |       const [, r, g, b] = rgbMatch.map(Number);
    > 362 |       expect(Math.max(r, g, b)).toBeLessThan(50);
          |                                 ^
      363 |     }
      364 |   });
      365 | });
        at /Users/eduardolobosstevens/achieving-coach/frontend/tests/e2e/public-pages.spec.ts:362:33

    attachment #1: screenshot (image/png) ──────────────────────────────────────────────────────────
    ../test-results/e2e-public-pages-Public-Pa-9ed94-me-home-page-has-dark-theme-chromium/test-failed-1.png
    ────────────────────────────────────────────────────────────────────────────────────────────────

    attachment #2: video (video/webm) ──────────────────────────────────────────────────────────────
    ../test-results/e2e-public-pages-Public-Pa-9ed94-me-home-page-has-dark-theme-chromium/video.webm
    ────────────────────────────────────────────────────────────────────────────────────────────────

    Error Context: ../test-results/e2e-public-pages-Public-Pa-9ed94-me-home-page-has-dark-theme-chromium/error-context.md
]]>
</failure>
<system-out>
<![CDATA[
[[ATTACHMENT|test-results/e2e-public-pages-Public-Pa-9ed94-me-home-page-has-dark-theme-chromium/test-failed-1.png]]

[[ATTACHMENT|test-results/e2e-public-pages-Public-Pa-9ed94-me-home-page-has-dark-theme-chromium/video.webm]]

[[ATTACHMENT|test-results/e2e-public-pages-Public-Pa-9ed94-me-home-page-has-dark-theme-chromium/error-context.md]]
]]>
</system-out>
</testcase>
<testcase name="Public Pages - Responsive Design › home page renders correctly on mobile" classname="e2e/public-pages.spec.ts" time="7.09">
<failure message="public-pages.spec.ts:375:9 home page renders correctly on mobile" type="FAILURE">
<![CDATA[  [chromium] › e2e/public-pages.spec.ts:375:9 › Public Pages - Responsive Design › home page renders correctly on mobile 

    Error: expect(locator).toBeVisible() failed

    Locator:  locator('body')
    Expected: visible
    Received: hidden
    Timeout:  5000ms

    Call log:
      - Expect "toBeVisible" with timeout 5000ms
      - waiting for locator('body')
        9 × locator resolved to <body>…</body>
          - unexpected value "hidden"


      379 |
      380 |       const body = page.locator('body');
    > 381 |       await expect(body).toBeVisible();
          |                          ^
      382 |
      383 |       // Check no horizontal overflow
      384 |       const bodyWidth = await body.evaluate((el) => el.scrollWidth);
        at /Users/eduardolobosstevens/achieving-coach/frontend/tests/e2e/public-pages.spec.ts:381:26

    attachment #1: screenshot (image/png) ──────────────────────────────────────────────────────────
    ../test-results/e2e-public-pages-Public-Pa-89eed-renders-correctly-on-mobile-chromium/test-failed-1.png
    ────────────────────────────────────────────────────────────────────────────────────────────────

    attachment #2: video (video/webm) ──────────────────────────────────────────────────────────────
    ../test-results/e2e-public-pages-Public-Pa-89eed-renders-correctly-on-mobile-chromium/video.webm
    ────────────────────────────────────────────────────────────────────────────────────────────────

    Error Context: ../test-results/e2e-public-pages-Public-Pa-89eed-renders-correctly-on-mobile-chromium/error-context.md
]]>
</failure>
<system-out>
<![CDATA[
[[ATTACHMENT|test-results/e2e-public-pages-Public-Pa-89eed-renders-correctly-on-mobile-chromium/test-failed-1.png]]

[[ATTACHMENT|test-results/e2e-public-pages-Public-Pa-89eed-renders-correctly-on-mobile-chromium/video.webm]]

[[ATTACHMENT|test-results/e2e-public-pages-Public-Pa-89eed-renders-correctly-on-mobile-chromium/error-context.md]]
]]>
</system-out>
</testcase>
<testcase name="Public Pages - Responsive Design › features page renders correctly on mobile" classname="e2e/public-pages.spec.ts" time="7.017">
<failure message="public-pages.spec.ts:388:9 features page renders correctly on mobile" type="FAILURE">
<![CDATA[  [chromium] › e2e/public-pages.spec.ts:388:9 › Public Pages - Responsive Design › features page renders correctly on mobile 

    Error: expect(locator).toBeVisible() failed

    Locator:  locator('body')
    Expected: visible
    Received: hidden
    Timeout:  5000ms

    Call log:
      - Expect "toBeVisible" with timeout 5000ms
      - waiting for locator('body')
        9 × locator resolved to <body>…</body>
          - unexpected value "hidden"


      392 |
      393 |       const body = page.locator('body');
    > 394 |       await expect(body).toBeVisible();
          |                          ^
      395 |     });
      396 |
      397 |     test(`pricing page renders correctly on ${viewport.name}`, async ({ page }) => {
        at /Users/eduardolobosstevens/achieving-coach/frontend/tests/e2e/public-pages.spec.ts:394:26

    attachment #1: screenshot (image/png) ──────────────────────────────────────────────────────────
    ../test-results/e2e-public-pages-Public-Pa-7a01f-renders-correctly-on-mobile-chromium/test-failed-1.png
    ────────────────────────────────────────────────────────────────────────────────────────────────

    attachment #2: video (video/webm) ──────────────────────────────────────────────────────────────
    ../test-results/e2e-public-pages-Public-Pa-7a01f-renders-correctly-on-mobile-chromium/video.webm
    ────────────────────────────────────────────────────────────────────────────────────────────────

    Error Context: ../test-results/e2e-public-pages-Public-Pa-7a01f-renders-correctly-on-mobile-chromium/error-context.md
]]>
</failure>
<system-out>
<![CDATA[
[[ATTACHMENT|test-results/e2e-public-pages-Public-Pa-7a01f-renders-correctly-on-mobile-chromium/test-failed-1.png]]

[[ATTACHMENT|test-results/e2e-public-pages-Public-Pa-7a01f-renders-correctly-on-mobile-chromium/video.webm]]

[[ATTACHMENT|test-results/e2e-public-pages-Public-Pa-7a01f-renders-correctly-on-mobile-chromium/error-context.md]]
]]>
</system-out>
</testcase>
<testcase name="Public Pages - Responsive Design › pricing page renders correctly on mobile" classname="e2e/public-pages.spec.ts" time="7.081">
<failure message="public-pages.spec.ts:397:9 pricing page renders correctly on mobile" type="FAILURE">
<![CDATA[  [chromium] › e2e/public-pages.spec.ts:397:9 › Public Pages - Responsive Design › pricing page renders correctly on mobile 

    Error: expect(locator).toBeVisible() failed

    Locator:  locator('body')
    Expected: visible
    Received: hidden
    Timeout:  5000ms

    Call log:
      - Expect "toBeVisible" with timeout 5000ms
      - waiting for locator('body')
        9 × locator resolved to <body>…</body>
          - unexpected value "hidden"


      401 |
      402 |       const body = page.locator('body');
    > 403 |       await expect(body).toBeVisible();
          |                          ^
      404 |     });
      405 |   }
      406 | });
        at /Users/eduardolobosstevens/achieving-coach/frontend/tests/e2e/public-pages.spec.ts:403:26

    attachment #1: screenshot (image/png) ──────────────────────────────────────────────────────────
    ../test-results/e2e-public-pages-Public-Pa-42947-renders-correctly-on-mobile-chromium/test-failed-1.png
    ────────────────────────────────────────────────────────────────────────────────────────────────

    attachment #2: video (video/webm) ──────────────────────────────────────────────────────────────
    ../test-results/e2e-public-pages-Public-Pa-42947-renders-correctly-on-mobile-chromium/video.webm
    ────────────────────────────────────────────────────────────────────────────────────────────────

    Error Context: ../test-results/e2e-public-pages-Public-Pa-42947-renders-correctly-on-mobile-chromium/error-context.md
]]>
</failure>
<system-out>
<![CDATA[
[[ATTACHMENT|test-results/e2e-public-pages-Public-Pa-42947-renders-correctly-on-mobile-chromium/test-failed-1.png]]

[[ATTACHMENT|test-results/e2e-public-pages-Public-Pa-42947-renders-correctly-on-mobile-chromium/video.webm]]

[[ATTACHMENT|test-results/e2e-public-pages-Public-Pa-42947-renders-correctly-on-mobile-chromium/error-context.md]]
]]>
</system-out>
</testcase>
<testcase name="Public Pages - Responsive Design › home page renders correctly on tablet" classname="e2e/public-pages.spec.ts" time="6.644">
<failure message="public-pages.spec.ts:375:9 home page renders correctly on tablet" type="FAILURE">
<![CDATA[  [chromium] › e2e/public-pages.spec.ts:375:9 › Public Pages - Responsive Design › home page renders correctly on tablet 

    Error: expect(locator).toBeVisible() failed

    Locator:  locator('body')
    Expected: visible
    Received: hidden
    Timeout:  5000ms

    Call log:
      - Expect "toBeVisible" with timeout 5000ms
      - waiting for locator('body')
        9 × locator resolved to <body>…</body>
          - unexpected value "hidden"


      379 |
      380 |       const body = page.locator('body');
    > 381 |       await expect(body).toBeVisible();
          |                          ^
      382 |
      383 |       // Check no horizontal overflow
      384 |       const bodyWidth = await body.evaluate((el) => el.scrollWidth);
        at /Users/eduardolobosstevens/achieving-coach/frontend/tests/e2e/public-pages.spec.ts:381:26

    attachment #1: screenshot (image/png) ──────────────────────────────────────────────────────────
    ../test-results/e2e-public-pages-Public-Pa-0cde9-renders-correctly-on-tablet-chromium/test-failed-1.png
    ────────────────────────────────────────────────────────────────────────────────────────────────

    attachment #2: video (video/webm) ──────────────────────────────────────────────────────────────
    ../test-results/e2e-public-pages-Public-Pa-0cde9-renders-correctly-on-tablet-chromium/video.webm
    ────────────────────────────────────────────────────────────────────────────────────────────────

    Error Context: ../test-results/e2e-public-pages-Public-Pa-0cde9-renders-correctly-on-tablet-chromium/error-context.md
]]>
</failure>
<system-out>
<![CDATA[
[[ATTACHMENT|test-results/e2e-public-pages-Public-Pa-0cde9-renders-correctly-on-tablet-chromium/test-failed-1.png]]

[[ATTACHMENT|test-results/e2e-public-pages-Public-Pa-0cde9-renders-correctly-on-tablet-chromium/video.webm]]

[[ATTACHMENT|test-results/e2e-public-pages-Public-Pa-0cde9-renders-correctly-on-tablet-chromium/error-context.md]]
]]>
</system-out>
</testcase>
<testcase name="Public Pages - Responsive Design › features page renders correctly on tablet" classname="e2e/public-pages.spec.ts" time="7.459">
<failure message="public-pages.spec.ts:388:9 features page renders correctly on tablet" type="FAILURE">
<![CDATA[  [chromium] › e2e/public-pages.spec.ts:388:9 › Public Pages - Responsive Design › features page renders correctly on tablet 

    Error: expect(locator).toBeVisible() failed

    Locator:  locator('body')
    Expected: visible
    Received: hidden
    Timeout:  5000ms

    Call log:
      - Expect "toBeVisible" with timeout 5000ms
      - waiting for locator('body')
        9 × locator resolved to <body>…</body>
          - unexpected value "hidden"


      392 |
      393 |       const body = page.locator('body');
    > 394 |       await expect(body).toBeVisible();
          |                          ^
      395 |     });
      396 |
      397 |     test(`pricing page renders correctly on ${viewport.name}`, async ({ page }) => {
        at /Users/eduardolobosstevens/achieving-coach/frontend/tests/e2e/public-pages.spec.ts:394:26

    attachment #1: screenshot (image/png) ──────────────────────────────────────────────────────────
    ../test-results/e2e-public-pages-Public-Pa-98ca0-renders-correctly-on-tablet-chromium/test-failed-1.png
    ────────────────────────────────────────────────────────────────────────────────────────────────

    attachment #2: video (video/webm) ──────────────────────────────────────────────────────────────
    ../test-results/e2e-public-pages-Public-Pa-98ca0-renders-correctly-on-tablet-chromium/video.webm
    ────────────────────────────────────────────────────────────────────────────────────────────────

    Error Context: ../test-results/e2e-public-pages-Public-Pa-98ca0-renders-correctly-on-tablet-chromium/error-context.md
]]>
</failure>
<system-out>
<![CDATA[
[[ATTACHMENT|test-results/e2e-public-pages-Public-Pa-98ca0-renders-correctly-on-tablet-chromium/test-failed-1.png]]

[[ATTACHMENT|test-results/e2e-public-pages-Public-Pa-98ca0-renders-correctly-on-tablet-chromium/video.webm]]

[[ATTACHMENT|test-results/e2e-public-pages-Public-Pa-98ca0-renders-correctly-on-tablet-chromium/error-context.md]]
]]>
</system-out>
</testcase>
<testcase name="Public Pages - Responsive Design › pricing page renders correctly on tablet" classname="e2e/public-pages.spec.ts" time="7.368">
<failure message="public-pages.spec.ts:397:9 pricing page renders correctly on tablet" type="FAILURE">
<![CDATA[  [chromium] › e2e/public-pages.spec.ts:397:9 › Public Pages - Responsive Design › pricing page renders correctly on tablet 

    Error: expect(locator).toBeVisible() failed

    Locator:  locator('body')
    Expected: visible
    Received: hidden
    Timeout:  5000ms

    Call log:
      - Expect "toBeVisible" with timeout 5000ms
      - waiting for locator('body')
        9 × locator resolved to <body>…</body>
          - unexpected value "hidden"


      401 |
      402 |       const body = page.locator('body');
    > 403 |       await expect(body).toBeVisible();
          |                          ^
      404 |     });
      405 |   }
      406 | });
        at /Users/eduardolobosstevens/achieving-coach/frontend/tests/e2e/public-pages.spec.ts:403:26

    attachment #1: screenshot (image/png) ──────────────────────────────────────────────────────────
    ../test-results/e2e-public-pages-Public-Pa-726f2-renders-correctly-on-tablet-chromium/test-failed-1.png
    ────────────────────────────────────────────────────────────────────────────────────────────────

    attachment #2: video (video/webm) ──────────────────────────────────────────────────────────────
    ../test-results/e2e-public-pages-Public-Pa-726f2-renders-correctly-on-tablet-chromium/video.webm
    ────────────────────────────────────────────────────────────────────────────────────────────────

    Error Context: ../test-results/e2e-public-pages-Public-Pa-726f2-renders-correctly-on-tablet-chromium/error-context.md
]]>
</failure>
<system-out>
<![CDATA[
[[ATTACHMENT|test-results/e2e-public-pages-Public-Pa-726f2-renders-correctly-on-tablet-chromium/test-failed-1.png]]

[[ATTACHMENT|test-results/e2e-public-pages-Public-Pa-726f2-renders-correctly-on-tablet-chromium/video.webm]]

[[ATTACHMENT|test-results/e2e-public-pages-Public-Pa-726f2-renders-correctly-on-tablet-chromium/error-context.md]]
]]>
</system-out>
</testcase>
<testcase name="Public Pages - Responsive Design › home page renders correctly on desktop" classname="e2e/public-pages.spec.ts" time="6.99">
<failure message="public-pages.spec.ts:375:9 home page renders correctly on desktop" type="FAILURE">
<![CDATA[  [chromium] › e2e/public-pages.spec.ts:375:9 › Public Pages - Responsive Design › home page renders correctly on desktop 

    Error: expect(locator).toBeVisible() failed

    Locator:  locator('body')
    Expected: visible
    Received: hidden
    Timeout:  5000ms

    Call log:
      - Expect "toBeVisible" with timeout 5000ms
      - waiting for locator('body')
        9 × locator resolved to <body>…</body>
          - unexpected value "hidden"


      379 |
      380 |       const body = page.locator('body');
    > 381 |       await expect(body).toBeVisible();
          |                          ^
      382 |
      383 |       // Check no horizontal overflow
      384 |       const bodyWidth = await body.evaluate((el) => el.scrollWidth);
        at /Users/eduardolobosstevens/achieving-coach/frontend/tests/e2e/public-pages.spec.ts:381:26

    attachment #1: screenshot (image/png) ──────────────────────────────────────────────────────────
    ../test-results/e2e-public-pages-Public-Pa-74110-enders-correctly-on-desktop-chromium/test-failed-1.png
    ────────────────────────────────────────────────────────────────────────────────────────────────

    attachment #2: video (video/webm) ──────────────────────────────────────────────────────────────
    ../test-results/e2e-public-pages-Public-Pa-74110-enders-correctly-on-desktop-chromium/video.webm
    ────────────────────────────────────────────────────────────────────────────────────────────────

    Error Context: ../test-results/e2e-public-pages-Public-Pa-74110-enders-correctly-on-desktop-chromium/error-context.md
]]>
</failure>
<system-out>
<![CDATA[
[[ATTACHMENT|test-results/e2e-public-pages-Public-Pa-74110-enders-correctly-on-desktop-chromium/test-failed-1.png]]

[[ATTACHMENT|test-results/e2e-public-pages-Public-Pa-74110-enders-correctly-on-desktop-chromium/video.webm]]

[[ATTACHMENT|test-results/e2e-public-pages-Public-Pa-74110-enders-correctly-on-desktop-chromium/error-context.md]]
]]>
</system-out>
</testcase>
<testcase name="Public Pages - Responsive Design › features page renders correctly on desktop" classname="e2e/public-pages.spec.ts" time="6.692">
<failure message="public-pages.spec.ts:388:9 features page renders correctly on desktop" type="FAILURE">
<![CDATA[  [chromium] › e2e/public-pages.spec.ts:388:9 › Public Pages - Responsive Design › features page renders correctly on desktop 

    Error: expect(locator).toBeVisible() failed

    Locator:  locator('body')
    Expected: visible
    Received: hidden
    Timeout:  5000ms

    Call log:
      - Expect "toBeVisible" with timeout 5000ms
      - waiting for locator('body')
        9 × locator resolved to <body>…</body>
          - unexpected value "hidden"


      392 |
      393 |       const body = page.locator('body');
    > 394 |       await expect(body).toBeVisible();
          |                          ^
      395 |     });
      396 |
      397 |     test(`pricing page renders correctly on ${viewport.name}`, async ({ page }) => {
        at /Users/eduardolobosstevens/achieving-coach/frontend/tests/e2e/public-pages.spec.ts:394:26

    attachment #1: screenshot (image/png) ──────────────────────────────────────────────────────────
    ../test-results/e2e-public-pages-Public-Pa-de2d9-enders-correctly-on-desktop-chromium/test-failed-1.png
    ────────────────────────────────────────────────────────────────────────────────────────────────

    attachment #2: video (video/webm) ──────────────────────────────────────────────────────────────
    ../test-results/e2e-public-pages-Public-Pa-de2d9-enders-correctly-on-desktop-chromium/video.webm
    ────────────────────────────────────────────────────────────────────────────────────────────────

    Error Context: ../test-results/e2e-public-pages-Public-Pa-de2d9-enders-correctly-on-desktop-chromium/error-context.md
]]>
</failure>
<system-out>
<![CDATA[
[[ATTACHMENT|test-results/e2e-public-pages-Public-Pa-de2d9-enders-correctly-on-desktop-chromium/test-failed-1.png]]

[[ATTACHMENT|test-results/e2e-public-pages-Public-Pa-de2d9-enders-correctly-on-desktop-chromium/video.webm]]

[[ATTACHMENT|test-results/e2e-public-pages-Public-Pa-de2d9-enders-correctly-on-desktop-chromium/error-context.md]]
]]>
</system-out>
</testcase>
<testcase name="Public Pages - Responsive Design › pricing page renders correctly on desktop" classname="e2e/public-pages.spec.ts" time="7.011">
<failure message="public-pages.spec.ts:397:9 pricing page renders correctly on desktop" type="FAILURE">
<![CDATA[  [chromium] › e2e/public-pages.spec.ts:397:9 › Public Pages - Responsive Design › pricing page renders correctly on desktop 

    Error: expect(locator).toBeVisible() failed

    Locator:  locator('body')
    Expected: visible
    Received: hidden
    Timeout:  5000ms

    Call log:
      - Expect "toBeVisible" with timeout 5000ms
      - waiting for locator('body')
        9 × locator resolved to <body>…</body>
          - unexpected value "hidden"


      401 |
      402 |       const body = page.locator('body');
    > 403 |       await expect(body).toBeVisible();
          |                          ^
      404 |     });
      405 |   }
      406 | });
        at /Users/eduardolobosstevens/achieving-coach/frontend/tests/e2e/public-pages.spec.ts:403:26

    attachment #1: screenshot (image/png) ──────────────────────────────────────────────────────────
    ../test-results/e2e-public-pages-Public-Pa-5e263-enders-correctly-on-desktop-chromium/test-failed-1.png
    ────────────────────────────────────────────────────────────────────────────────────────────────

    attachment #2: video (video/webm) ──────────────────────────────────────────────────────────────
    ../test-results/e2e-public-pages-Public-Pa-5e263-enders-correctly-on-desktop-chromium/video.webm
    ────────────────────────────────────────────────────────────────────────────────────────────────

    Error Context: ../test-results/e2e-public-pages-Public-Pa-5e263-enders-correctly-on-desktop-chromium/error-context.md
]]>
</failure>
<system-out>
<![CDATA[
[[ATTACHMENT|test-results/e2e-public-pages-Public-Pa-5e263-enders-correctly-on-desktop-chromium/test-failed-1.png]]

[[ATTACHMENT|test-results/e2e-public-pages-Public-Pa-5e263-enders-correctly-on-desktop-chromium/video.webm]]

[[ATTACHMENT|test-results/e2e-public-pages-Public-Pa-5e263-enders-correctly-on-desktop-chromium/error-context.md]]
]]>
</system-out>
</testcase>
</testsuite>
</testsuites>